Analyzing SSC...                                                

   info • The import of 'dart:ui' is unnecessary because all of the used elements are also provided by the import of 'package:flutter/foundation.dart'. Try removing the import directive • lib/main.dart:3:8 • unnecessary_import
   info • 'withOpacity' is deprecated and shouldn't be used. Use .withValues() to avoid precision loss. Try replacing the use of the deprecated member with the replacement • lib/screens/ai_tools_screen.dart:115:41 • deprecated_member_use
   info • 'withOpacity' is deprecated and shouldn't be used. Use .withValues() to avoid precision loss. Try replacing the use of the deprecated member with the replacement • lib/screens/ai_tools_screen.dart:117:60 • deprecated_member_use
   info • 'withOpacity' is deprecated and shouldn't be used. Use .withValues() to avoid precision loss. Try replacing the use of the deprecated member with the replacement • lib/screens/ai_tools_screen.dart:120:45 • deprecated_member_use
   info • 'withOpacity' is deprecated and shouldn't be used. Use .withValues() to avoid precision loss. Try replacing the use of the deprecated member with the replacement • lib/screens/ai_tools_screen.dart:156:49 • deprecated_member_use
   info • 'withOpacity' is deprecated and shouldn't be used. Use .withValues() to avoid precision loss. Try replacing the use of the deprecated member with the replacement • lib/screens/ai_tools_screen.dart:159:42 • deprecated_member_use
   info • 'value' is deprecated and shouldn't be used. Use initialValue instead. This will set the initial value for the form field. This feature was deprecated after v3.33.0-1.0.pre. Try replacing the use of the deprecated member with the replacement • lib/screens/ai_tools_screen.dart:173:21 • deprecated_member_use
   info • 'value' is deprecated and shouldn't be used. Use initialValue instead. This will set the initial value for the form field. This feature was deprecated after v3.33.0-1.0.pre. Try replacing the use of the deprecated member with the replacement • lib/screens/ai_tools_screen.dart:189:21 • deprecated_member_use
   info • 'value' is deprecated and shouldn't be used. Use initialValue instead. This will set the initial value for the form field. This feature was deprecated after v3.33.0-1.0.pre. Try replacing the use of the deprecated member with the replacement • lib/screens/ai_tools_screen.dart:220:29 • deprecated_member_use
   info • 'value' is deprecated and shouldn't be used. Use initialValue instead. This will set the initial value for the form field. This feature was deprecated after v3.33.0-1.0.pre. Try replacing the use of the deprecated member with the replacement • lib/screens/ai_tools_screen.dart:239:29 • deprecated_member_use
   info • 'onPopInvoked' is deprecated and shouldn't be used. Use onPopInvokedWithResult instead. This feature was deprecated after v3.22.0-12.0.pre. Try replacing the use of the deprecated member with the replacement • lib/screens/create_paper_screen.dart:197:7 • deprecated_member_use
   info • 'groupValue' is deprecated and shouldn't be used. Use a RadioGroup ancestor to manage group value instead. This feature was deprecated after v3.32.0-0.0.pre. Try replacing the use of the deprecated member with the replacement • lib/screens/create_paper_screen.dart:371:19 • deprecated_member_use
   info • 'onChanged' is deprecated and shouldn't be used. Use RadioGroup to handle value change instead. This feature was deprecated after v3.32.0-0.0.pre. Try replacing the use of the deprecated member with the replacement • lib/screens/create_paper_screen.dart:372:19 • deprecated_member_use
   info • 'value' is deprecated and shouldn't be used. Use initialValue instead. This will set the initial value for the form field. This feature was deprecated after v3.33.0-1.0.pre. Try replacing the use of the deprecated member with the replacement • lib/screens/create_paper_screen.dart:386:15 • deprecated_member_use
   info • 'groupValue' is deprecated and shouldn't be used. Use a RadioGroup ancestor to manage group value instead. This feature was deprecated after v3.32.0-0.0.pre. Try replacing the use of the deprecated member with the replacement • lib/screens/create_paper_screen.dart:424:19 • deprecated_member_use
   info • 'onChanged' is deprecated and shouldn't be used. Use RadioGroup to handle value change instead. This feature was deprecated after v3.32.0-0.0.pre. Try replacing the use of the deprecated member with the replacement • lib/screens/create_paper_screen.dart:425:19 • deprecated_member_use
   info • 'value' is deprecated and shouldn't be used. Use initialValue instead. This will set the initial value for the form field. This feature was deprecated after v3.33.0-1.0.pre. Try replacing the use of the deprecated member with the replacement • lib/screens/create_paper_screen.dart:466:13 • deprecated_member_use
warning • The value of the field '_error' isn't used. Try removing the field, or using it • lib/screens/omr_analytics_screen.dart:21:11 • unused_field
warning • The value of the local variable 'scoreSum' isn't used. Try removing the variable or using it • lib/screens/omr_analytics_screen.dart:77:9 • unused_local_variable
   info • 'withOpacity' is deprecated and shouldn't be used. Use .withValues() to avoid precision loss. Try replacing the use of the deprecated member with the replacement • lib/screens/omr_analytics_screen.dart:369:53 • deprecated_member_use
   info • The import of 'dart:ui' is unnecessary because all of the used elements are also provided by the import of 'package:flutter/material.dart'. Try removing the import directive • lib/screens/omr_live_scan_screen.dart:3:8 • unnecessary_import
warning • Unused import: '../theme/app_theme.dart'. Try removing the import directive • lib/screens/omr_live_scan_screen.dart:10:8 • unused_import
warning • The '!' will have no effect because the receiver can't be null. Try removing the '!' operator • lib/screens/omr_live_scan_screen.dart:491:46 • unnecessary_non_null_assertion
warning • The '!' will have no effect because the receiver can't be null. Try removing the '!' operator • lib/screens/omr_live_scan_screen.dart:492:26 • unnecessary_non_null_assertion
warning • The '!' will have no effect because the receiver can't be null. Try removing the '!' operator • lib/screens/omr_live_scan_screen.dart:493:26 • unnecessary_non_null_assertion
warning • The '!' will have no effect because the receiver can't be null. Try removing the '!' operator • lib/screens/omr_live_scan_screen.dart:507:12 • unnecessary_non_null_assertion
   info • 'withOpacity' is deprecated and shouldn't be used. Use .withValues() to avoid precision loss. Try replacing the use of the deprecated member with the replacement • lib/screens/omr_live_scan_screen.dart:557:27 • deprecated_member_use
   info • 'withOpacity' is deprecated and shouldn't be used. Use .withValues() to avoid precision loss. Try replacing the use of the deprecated member with the replacement • lib/screens/omr_scanner_screen.dart:687:41 • deprecated_member_use
   info • 'withOpacity' is deprecated and shouldn't be used. Use .withValues() to avoid precision loss. Try replacing the use of the deprecated member with the replacement • lib/screens/omr_scanner_screen.dart:697:31 • deprecated_member_use
   info • 'withOpacity' is deprecated and shouldn't be used. Use .withValues() to avoid precision loss. Try replacing the use of the deprecated member with the replacement • lib/screens/omr_scanner_screen.dart:1445:24 • deprecated_member_use
   info • 'withOpacity' is deprecated and shouldn't be used. Use .withValues() to avoid precision loss. Try replacing the use of the deprecated member with the replacement • lib/screens/omr_scanner_screen.dart:1447:43 • deprecated_member_use
   info • 'withOpacity' is deprecated and shouldn't be used. Use .withValues() to avoid precision loss. Try replacing the use of the deprecated member with the replacement • lib/screens/omr_scanner_screen.dart:1609:69 • deprecated_member_use
   info • 'withOpacity' is deprecated and shouldn't be used. Use .withValues() to avoid precision loss. Try replacing the use of the deprecated member with the replacement • lib/screens/omr_scanner_screen.dart:1648:33 • deprecated_member_use
   info • 'withOpacity' is deprecated and shouldn't be used. Use .withValues() to avoid precision loss. Try replacing the use of the deprecated member with the replacement • lib/screens/omr_scanner_screen.dart:1653:35 • deprecated_member_use
warning • Unused import: 'package:printing/printing.dart'. Try removing the import directive • lib/screens/papers_library_screen.dart:8:8 • unused_import
   info • 'withOpacity' is deprecated and shouldn't be used. Use .withValues() to avoid precision loss. Try replacing the use of the deprecated member with the replacement • lib/screens/papers_library_screen.dart:277:40 • deprecated_member_use
   info • 'withOpacity' is deprecated and shouldn't be used. Use .withValues() to avoid precision loss. Try replacing the use of the deprecated member with the replacement • lib/screens/papers_library_screen.dart:279:59 • deprecated_member_use
   info • 'value' is deprecated and shouldn't be used. Use initialValue instead. This will set the initial value for the form field. This feature was deprecated after v3.33.0-1.0.pre. Try replacing the use of the deprecated member with the replacement • lib/screens/papers_library_screen.dart:448:21 • deprecated_member_use
   info • 'withOpacity' is deprecated and shouldn't be used. Use .withValues() to avoid precision loss. Try replacing the use of the deprecated member with the replacement • lib/screens/papers_library_screen.dart:819:36 • deprecated_member_use
   info • 'withOpacity' is deprecated and shouldn't be used. Use .withValues() to avoid precision loss. Try replacing the use of the deprecated member with the replacement • lib/screens/papers_library_screen.dart:821:55 • deprecated_member_use
   info • 'withOpacity' is deprecated and shouldn't be used. Use .withValues() to avoid precision loss. Try replacing the use of the deprecated member with the replacement • lib/screens/profile_screen.dart:417:47 • deprecated_member_use
   info • 'withOpacity' is deprecated and shouldn't be used. Use .withValues() to avoid precision loss. Try replacing the use of the deprecated member with the replacement • lib/screens/profile_screen.dart:642:53 • deprecated_member_use
   info • 'withOpacity' is deprecated and shouldn't be used. Use .withValues() to avoid precision loss. Try replacing the use of the deprecated member with the replacement • lib/screens/profile_screen.dart:656:64 • deprecated_member_use
   info • 'withOpacity' is deprecated and shouldn't be used. Use .withValues() to avoid precision loss. Try replacing the use of the deprecated member with the replacement • lib/screens/settings_screen.dart:152:53 • deprecated_member_use
   info • 'withOpacity' is deprecated and shouldn't be used. Use .withValues() to avoid precision loss. Try replacing the use of the deprecated member with the replacement • lib/screens/settings_screen.dart:155:55 • deprecated_member_use
   info • 'withOpacity' is deprecated and shouldn't be used. Use .withValues() to avoid precision loss. Try replacing the use of the deprecated member with the replacement • lib/screens/settings_screen.dart:208:57 • deprecated_member_use
   info • 'withOpacity' is deprecated and shouldn't be used. Use .withValues() to avoid precision loss. Try replacing the use of the deprecated member with the replacement • lib/screens/settings_screen.dart:211:59 • deprecated_member_use
warning • The value of the field '_waitingTrx' isn't used. Try removing the field, or using it • lib/screens/subscription_screen.dart:36:11 • unused_field
   info • 'withOpacity' is deprecated and shouldn't be used. Use .withValues() to avoid precision loss. Try replacing the use of the deprecated member with the replacement • lib/screens/subscription_screen.dart:384:53 • deprecated_member_use
   info • 'withOpacity' is deprecated and shouldn't be used. Use .withValues() to avoid precision loss. Try replacing the use of the deprecated member with the replacement • lib/screens/subscription_screen.dart:386:55 • deprecated_member_use
   info • 'withOpacity' is deprecated and shouldn't be used. Use .withValues() to avoid precision loss. Try replacing the use of the deprecated member with the replacement • lib/screens/subscription_screen.dart:518:47 • deprecated_member_use
   info • 'withOpacity' is deprecated and shouldn't be used. Use .withValues() to avoid precision loss. Try replacing the use of the deprecated member with the replacement • lib/screens/subscription_screen.dart:520:49 • deprecated_member_use
   info • 'withOpacity' is deprecated and shouldn't be used. Use .withValues() to avoid precision loss. Try replacing the use of the deprecated member with the replacement • lib/screens/subscription_screen.dart:573:43 • deprecated_member_use
   info • 'withOpacity' is deprecated and shouldn't be used. Use .withValues() to avoid precision loss. Try replacing the use of the deprecated member with the replacement • lib/screens/subscription_screen.dart:657:45 • deprecated_member_use
   info • 'withOpacity' is deprecated and shouldn't be used. Use .withValues() to avoid precision loss. Try replacing the use of the deprecated member with the replacement • lib/screens/subscription_screen.dart:659:47 • deprecated_member_use
   info • 'withOpacity' is deprecated and shouldn't be used. Use .withValues() to avoid precision loss. Try replacing the use of the deprecated member with the replacement • lib/screens/subscription_screen.dart:708:48 • deprecated_member_use
   info • 'withOpacity' is deprecated and shouldn't be used. Use .withValues() to avoid precision loss. Try replacing the use of the deprecated member with the replacement • lib/screens/subscription_screen.dart:716:47 • deprecated_member_use
   info • 'onPopInvoked' is deprecated and shouldn't be used. Use onPopInvokedWithResult instead. This feature was deprecated after v3.22.0-12.0.pre. Try replacing the use of the deprecated member with the replacement • lib/screens/teacher_home_screen.dart:133:9 • deprecated_member_use
   info • 'withOpacity' is deprecated and shouldn't be used. Use .withValues() to avoid precision loss. Try replacing the use of the deprecated member with the replacement • lib/screens/teacher_home_screen.dart:216:60 • deprecated_member_use
   info • 'withOpacity' is deprecated and shouldn't be used. Use .withValues() to avoid precision loss. Try replacing the use of the deprecated member with the replacement • lib/screens/teacher_home_screen.dart:402:36 • deprecated_member_use
warning • This API is available since SDK 3.3.0, but constraints '>=3.0.0 <4.0.0' don't guarantee it. Try updating the SDK constraints • lib/services/ai/teacher_attachment.dart:15:43 • sdk_version_since
   info • 'withOpacity' is deprecated and shouldn't be used. Use .withValues() to avoid precision loss. Try replacing the use of the deprecated member with the replacement • lib/services/app_style.dart:73:46 • deprecated_member_use
   info • 'anonKey' is deprecated and shouldn't be used. Use publishableKey instead. anonKey will be removed in a future major version. Try replacing the use of the deprecated member with the replacement • lib/services/auth_service.dart:34:9 • deprecated_member_use
warning • Unused import: '../data/questions_data.dart'. Try removing the import directive • lib/services/english_paper_adapter.dart:3:8 • unused_import
warning • Unused import: 'dart:math'. Try removing the import directive • lib/services/omr/omr_geometry.dart:1:8 • unused_import
warning • The operand can't be 'null', so the condition is always 'true'. Remove the condition • lib/services/omr/omr_scanner.dart:1746:18 • unnecessary_null_comparison
warning • The '!' will have no effect because the receiver can't be null. Try removing the '!' operator • lib/services/omr/omr_scanner.dart:2042:26 • unnecessary_non_null_assertion
warning • The '!' will have no effect because the receiver can't be null. Try removing the '!' operator • lib/services/omr/omr_scanner.dart:2042:41 • unnecessary_non_null_assertion
warning • The '!' will have no effect because the receiver can't be null. Try removing the '!' operator • lib/services/omr/omr_scanner.dart:2042:47 • unnecessary_non_null_assertion
warning • The '!' will have no effect because the receiver can't be null. Try removing the '!' operator • lib/services/omr/omr_scanner.dart:2045:22 • unnecessary_non_null_assertion
warning • The '!' will have no effect because the receiver can't be null. Try removing the '!' operator • lib/services/omr/omr_scanner.dart:2045:28 • unnecessary_non_null_assertion
   info • The import of 'dart:typed_data' is unnecessary because all of the used elements are also provided by the import of 'package:flutter/services.dart'. Try removing the import directive • lib/services/paper_library.dart:4:8 • unnecessary_import
warning • The '!' will have no effect because the receiver can't be null. Try removing the '!' operator • lib/services/paper_pdf.dart:1238:45 • unnecessary_non_null_assertion
warning • The '!' will have no effect because the receiver can't be null. Try removing the '!' operator • lib/services/paper_pdf.dart:1239:49 • unnecessary_non_null_assertion
warning • The '!' will have no effect because the receiver can't be null. Try removing the '!' operator • lib/services/paper_pdf.dart:1252:37 • unnecessary_non_null_assertion
warning • The '!' will have no effect because the receiver can't be null. Try removing the '!' operator • lib/services/paper_pdf.dart:1253:45 • unnecessary_non_null_assertion
   info • 'withOpacity' is deprecated and shouldn't be used. Use .withValues() to avoid precision loss. Try replacing the use of the deprecated member with the replacement • lib/services/paper_pdf.dart:2158:41 • deprecated_member_use
   info • 'withOpacity' is deprecated and shouldn't be used. Use .withValues() to avoid precision loss. Try replacing the use of the deprecated member with the replacement • lib/theme/app_theme.dart:71:28 • deprecated_member_use
   info • 'withOpacity' is deprecated and shouldn't be used. Use .withValues() to avoid precision loss. Try replacing the use of the deprecated member with the replacement • lib/theme/app_theme.dart:72:31 • deprecated_member_use
   info • 'withOpacity' is deprecated and shouldn't be used. Use .withValues() to avoid precision loss. Try replacing the use of the deprecated member with the replacement • lib/theme/app_theme.dart:116:30 • deprecated_member_use
   info • 'withOpacity' is deprecated and shouldn't be used. Use .withValues() to avoid precision loss. Try replacing the use of the deprecated member with the replacement • lib/theme/app_theme.dart:163:43 • deprecated_member_use
   info • 'withOpacity' is deprecated and shouldn't be used. Use .withValues() to avoid precision loss. Try replacing the use of the deprecated member with the replacement • lib/theme/app_theme.dart:269:25 • deprecated_member_use
   info • 'withOpacity' is deprecated and shouldn't be used. Use .withValues() to avoid precision loss. Try replacing the use of the deprecated member with the replacement • lib/theme/app_theme.dart:277:31 • deprecated_member_use
   info • 'withOpacity' is deprecated and shouldn't be used. Use .withValues() to avoid precision loss. Try replacing the use of the deprecated member with the replacement • lib/theme/app_theme.dart:281:32 • deprecated_member_use
   info • 'withOpacity' is deprecated and shouldn't be used. Use .withValues() to avoid precision loss. Try replacing the use of the deprecated member with the replacement • lib/theme/app_theme.dart:346:33 • deprecated_member_use
   info • 'withOpacity' is deprecated and shouldn't be used. Use .withValues() to avoid precision loss. Try replacing the use of the deprecated member with the replacement • lib/widgets/alive_background.dart:81:14 • deprecated_member_use
   info • 'withOpacity' is deprecated and shouldn't be used. Use .withValues() to avoid precision loss. Try replacing the use of the deprecated member with the replacement • lib/widgets/alive_background.dart:87:14 • deprecated_member_use
   info • 'withOpacity' is deprecated and shouldn't be used. Use .withValues() to avoid precision loss. Try replacing the use of the deprecated member with the replacement • lib/widgets/alive_background.dart:97:33 • deprecated_member_use
   info • 'withOpacity' is deprecated and shouldn't be used. Use .withValues() to avoid precision loss. Try replacing the use of the deprecated member with the replacement • lib/widgets/animations.dart:161:40 • deprecated_member_use
   info • 'withOpacity' is deprecated and shouldn't be used. Use .withValues() to avoid precision loss. Try replacing the use of the deprecated member with the replacement • lib/widgets/animations.dart:162:40 • deprecated_member_use
   info • 'withOpacity' is deprecated and shouldn't be used. Use .withValues() to avoid precision loss. Try replacing the use of the deprecated member with the replacement • lib/widgets/animations.dart:163:40 • deprecated_member_use
   info • 'withOpacity' is deprecated and shouldn't be used. Use .withValues() to avoid precision loss. Try replacing the use of the deprecated member with the replacement • lib/widgets/animations.dart:458:17 • deprecated_member_use
   info • 'withOpacity' is deprecated and shouldn't be used. Use .withValues() to avoid precision loss. Try replacing the use of the deprecated member with the replacement • lib/widgets/animations.dart:459:17 • deprecated_member_use
   info • 'withOpacity' is deprecated and shouldn't be used. Use .withValues() to avoid precision loss. Try replacing the use of the deprecated member with the replacement • lib/widgets/animations.dart:460:17 • deprecated_member_use
   info • 'withOpacity' is deprecated and shouldn't be used. Use .withValues() to avoid precision loss. Try replacing the use of the deprecated member with the replacement • lib/widgets/animations.dart:461:17 • deprecated_member_use
   info • 'withOpacity' is deprecated and shouldn't be used. Use .withValues() to avoid precision loss. Try replacing the use of the deprecated member with the replacement • lib/widgets/app_button.dart:75:47 • deprecated_member_use
   info • 'withOpacity' is deprecated and shouldn't be used. Use .withValues() to avoid precision loss. Try replacing the use of the deprecated member with the replacement • lib/widgets/app_logo.dart:70:40 • deprecated_member_use
   info • 'withOpacity' is deprecated and shouldn't be used. Use .withValues() to avoid precision loss. Try replacing the use of the deprecated member with the replacement • lib/widgets/app_logo.dart:73:25 • deprecated_member_use
   info • 'withOpacity' is deprecated and shouldn't be used. Use .withValues() to avoid precision loss. Try replacing the use of the deprecated member with the replacement • lib/widgets/aurora_ribbons.dart:140:40 • deprecated_member_use
   info • 'withOpacity' is deprecated and shouldn't be used. Use .withValues() to avoid precision loss. Try replacing the use of the deprecated member with the replacement • lib/widgets/aurora_ribbons.dart:151:9 • deprecated_member_use
   info • 'opacity' is deprecated and shouldn't be used. Use .a. Try replacing the use of the deprecated member with the replacement • lib/widgets/aurora_ribbons.dart:151:24 • deprecated_member_use
   info • 'withOpacity' is deprecated and shouldn't be used. Use .withValues() to avoid precision loss. Try replacing the use of the deprecated member with the replacement • lib/widgets/auth_widgets.dart:30:37 • deprecated_member_use
   info • 'withOpacity' is deprecated and shouldn't be used. Use .withValues() to avoid precision loss. Try replacing the use of the deprecated member with the replacement • lib/widgets/auth_widgets.dart:31:56 • deprecated_member_use
   info • 'withOpacity' is deprecated and shouldn't be used. Use .withValues() to avoid precision loss. Try replacing the use of the deprecated member with the replacement • lib/widgets/auth_widgets.dart:145:26 • deprecated_member_use
   info • 'withOpacity' is deprecated and shouldn't be used. Use .withValues() to avoid precision loss. Try replacing the use of the deprecated member with the replacement • lib/widgets/glass_card.dart:33:40 • deprecated_member_use
   info • 'withOpacity' is deprecated and shouldn't be used. Use .withValues() to avoid precision loss. Try replacing the use of the deprecated member with the replacement • lib/widgets/glass_card.dart:158:22 • deprecated_member_use
   info • 'withOpacity' is deprecated and shouldn't be used. Use .withValues() to avoid precision loss. Try replacing the use of the deprecated member with the replacement • lib/widgets/glass_card.dart:160:41 • deprecated_member_use
   info • 'withOpacity' is deprecated and shouldn't be used. Use .withValues() to avoid precision loss. Try replacing the use of the deprecated member with the replacement • lib/widgets/glass_card.dart:217:24 • deprecated_member_use
   info • 'withOpacity' is deprecated and shouldn't be used. Use .withValues() to avoid precision loss. Try replacing the use of the deprecated member with the replacement • lib/widgets/glass_card.dart:219:43 • deprecated_member_use
   info • 'withOpacity' is deprecated and shouldn't be used. Use .withValues() to avoid precision loss. Try replacing the use of the deprecated member with the replacement • lib/widgets/glass_card.dart:267:43 • deprecated_member_use
   info • 'withOpacity' is deprecated and shouldn't be used. Use .withValues() to avoid precision loss. Try replacing the use of the deprecated member with the replacement • lib/widgets/glass_card.dart:268:62 • deprecated_member_use
   info • 'withOpacity' is deprecated and shouldn't be used. Use .withValues() to avoid precision loss. Try replacing the use of the deprecated member with the replacement • lib/widgets/image_crop_screen.dart:354:30 • deprecated_member_use
   info • 'withOpacity' is deprecated and shouldn't be used. Use .withValues() to avoid precision loss. Try replacing the use of the deprecated member with the replacement • lib/widgets/image_crop_screen.dart:419:48 • deprecated_member_use
   info • 'of' is deprecated and shouldn't be used. Use TickerMode.valuesOf to get both enabled and forceFrames. This feature was deprecated after v3.35.0-0.0.pre. Try replacing the use of the deprecated member with the replacement • lib/widgets/motion_policy.dart:51:47 • deprecated_member_use
   info • 'of' is deprecated and shouldn't be used. Use TickerMode.valuesOf to get both enabled and forceFrames. This feature was deprecated after v3.35.0-0.0.pre. Try replacing the use of the deprecated member with the replacement • lib/widgets/motion_policy.dart:71:18 • deprecated_member_use
warning • Unused import: '../theme/app_theme.dart'. Try removing the import directive • lib/widgets/offline_banner.dart:6:8 • unused_import
   info • 'withOpacity' is deprecated and shouldn't be used. Use .withValues() to avoid precision loss. Try replacing the use of the deprecated member with the replacement • lib/widgets/offline_dialog.dart:81:42 • deprecated_member_use
   info • 'withOpacity' is deprecated and shouldn't be used. Use .withValues() to avoid precision loss. Try replacing the use of the deprecated member with the replacement • lib/widgets/offline_dialog.dart:86:44 • deprecated_member_use
   info • 'withOpacity' is deprecated and shouldn't be used. Use .withValues() to avoid precision loss. Try replacing the use of the deprecated member with the replacement • lib/widgets/offline_dialog.dart:91:44 • deprecated_member_use
   info • 'withOpacity' is deprecated and shouldn't be used. Use .withValues() to avoid precision loss. Try replacing the use of the deprecated member with the replacement • lib/widgets/offline_dialog.dart:127:66 • deprecated_member_use
   info • 'value' is deprecated and shouldn't be used. Use initialValue instead. This will set the initial value for the form field. This feature was deprecated after v3.33.0-1.0.pre. Try replacing the use of the deprecated member with the replacement • lib/widgets/paper_question_card.dart:222:19 • deprecated_member_use
   info • 'withOpacity' is deprecated and shouldn't be used. Use .withValues() to avoid precision loss. Try replacing the use of the deprecated member with the replacement • lib/widgets/problem_dialog.dart:43:32 • deprecated_member_use
   info • 'withOpacity' is deprecated and shouldn't be used. Use .withValues() to avoid precision loss. Try replacing the use of the deprecated member with the replacement • lib/widgets/problem_dialog.dart:139:40 • deprecated_member_use
   info • 'withOpacity' is deprecated and shouldn't be used. Use .withValues() to avoid precision loss. Try replacing the use of the deprecated member with the replacement • lib/widgets/problem_dialog.dart:161:39 • deprecated_member_use
   info • 'withOpacity' is deprecated and shouldn't be used. Use .withValues() to avoid precision loss. Try replacing the use of the deprecated member with the replacement • lib/widgets/problem_dialog.dart:172:38 • deprecated_member_use
   info • 'withOpacity' is deprecated and shouldn't be used. Use .withValues() to avoid precision loss. Try replacing the use of the deprecated member with the replacement • lib/widgets/workflow_progress.dart:71:24 • deprecated_member_use
   info • 'withOpacity' is deprecated and shouldn't be used. Use .withValues() to avoid precision loss. Try replacing the use of the deprecated member with the replacement • lib/widgets/workflow_progress.dart:72:43 • deprecated_member_use
   info • The import of 'dart:typed_data' is unnecessary because all of the used elements are also provided by the import of 'package:flutter/services.dart'. Try removing the import directive • test/ai_content_tools_test.dart:3:8 • unnecessary_import
warning • Unused import: 'package:tutors_desk/theme/app_theme.dart'. Try removing the import directive • test/alive_ui_test.dart:10:8 • unused_import
warning • Unused import: 'package:tutors_desk/widgets/alive_background.dart'. Try removing the import directive • test/alive_ui_test.dart:11:8 • unused_import

130 issues found. (ran in 13.7s)
